// Vitest Snapshot v1, https://vitest.dev/guide/snapshot.html

exports[`Request Capture Tests > GETリクエストがキャプチャされる 1`] = `
[
  {
    "headers": {},
    "method": "GET",
    "pathname": "/posts/1",
    "search": "",
    "timestamp": "[TIMESTAMP]",
    "url": "https://jsonplaceholder.typicode.com/posts/1",
  },
]
`;

exports[`Request Capture Tests > POSTリクエストとボディがキャプチャされる 1`] = `
[
  {
    "body": "{"name":"田中太郎","email":"tanaka@example.com"}",
    "headers": {
      "content-type": "application/json",
    },
    "method": "POST",
    "pathname": "/post",
    "search": "",
    "timestamp": "[TIMESTAMP]",
    "url": "https://httpbin.org/post",
  },
]
`;

exports[`Request Capture Tests > カスタムキャプチャ関数を注入できる 1`] = `
{
  "custom": "カスタムキャプチャ",
  "method": "GET",
  "url": "https://jsonplaceholder.typicode.com/posts/1",
  "userAgent": "unknown",
}
`;

exports[`Request Capture Tests > 複数のリクエストがすべてキャプチャされる 1`] = `
[
  {
    "headers": {},
    "method": "GET",
    "pathname": "/posts/1",
    "search": "",
    "timestamp": "[TIMESTAMP]",
    "url": "https://jsonplaceholder.typicode.com/posts/1",
  },
  {
    "headers": {},
    "method": "GET",
    "pathname": "/posts/1",
    "search": "",
    "timestamp": "[TIMESTAMP]",
    "url": "https://jsonplaceholder.typicode.com/posts/1",
  },
]
`;
